---
source: src/recipe/parser.rs
expression: recipe
---
package:
  name: zlib
  version: 0.1.0
build:
  number: 0
  dynamic_linking:
    binary_relocation:
      - /usr/lib/**
      - /etc
requirements: {}
system:
  rattler_build_version: test
  git_version: 2.43.0
  patchelf_version: 0.18.0

