---
source: src/recipe/parser.rs
expression: recipe
---
package:
  name: blib
  version: 0.1.0
build:
  number: 0
  script:
    - test succeeded
requirements: {}
system:
  rattler_build_version: test
  git_version: 2.43.0
  patchelf_version: 0.18.0

